
> @synamp/brain@0.0.0 test /Users/tapps/_dev/web-apps/SynAmp/apps/brain
> node --experimental-strip-types --test src/*.test.ts src/*/*.test.ts

✔ brain routes preserve playlist context, reading notes, policy rollback and proposal log honesty (356.649417ms)
✔ unrecognised numbers remain visible rather than making a request look specific (47.922042ms)
✔ reading notes follow the goals actually applied to each reading (4.818125ms)
✔ flagship focus prompt — specific, one valid reading carrying the research bundle (1.210333ms)
✔ each user example phrase fires its goal with a valid reading (23.788958ms)
✔ vague request — no readings, asks carry the next step (nothing fabricated) (0.407416ms)
✔ surface verbs stay glue: “play me something good” stays vague (0.873125ms)
✔ contradictory “fast relaxing bangers” — the documented pair yields two readings (0.815875ms)
✔ impossible / hyper-specific asks stay honest (0.635709ms)
✔ determinism: identical inputs produce deep-equal interpretations (90.238917ms)
✔ user exclusions survive supersession and stay hard (7.078417ms)
✔ lexicon: nine goals, soft-only bundles ≤ 1.0 emitted total (≤ 0.5 per term), refs everywhere (0.217291ms)
✔ opposing goals yield two readings; the dropped side's draft proxies are set aside (5.264209ms)
✔ blend: calm + sleep merge into one reading with a cooldown arc (0.56425ms)
✔ drive keeps its medium feel: the draft “energetic” arousal proxy is superseded, never kept twice (0.377125ms)
✔ genre context guard: “the house” is a room, “house music” is a genre (1.748792ms)
✔ “workout then sleep” builds the first phase only and asks about the second (0.418333ms)
✔ catharsis covers angry language too (A1 §2.1 C): angry/anger/furious/rage (7.50825ms)
✔ copy corrections (C3 F-COPY-1): softened claims, no broken year example, no “lift me” promise (0.183041ms)
✔ lexicon regressions: drive supersedes the energy proxy; angry words are catharsis triggers (0.049ms)
✔ request signing follows the Last.fm recipe (0.674959ms)
✔ Last.fm's play rule: over 30 s, and half the track or 4 minutes (0.114166ms)
✔ connecting needs the one-time state; then only plays while on are sent (17.090333ms)
✔ folder-guessed names are held back, never sent; short and partial plays don't count (2.682959ms)
✔ plays captured from other apps use the library core's names (2.793791ms)
✔ more than 50 plays go in batches of 50, oldest first (6.821417ms)
✔ outages back off and keep the plays; a bad session pauses until reconnect (4.005208ms)
✔ refusals are recorded once and never retried (1.752125ms)
✔ off means off, and disconnect forgets the session (3.443ms)
✔ isolation: implicit events from another day never change a derived value (byte compare, both directions) (73.167ms)
✔ resume within 30 min keeps this session's evidence; a 30:01 gap starts fresh (0.366875ms)
✔ midnight boundary kills the previous day's evidence (P2) (0.285208ms)
✔ half-life: this session's weight at +60 min is ≤ 0.25× a fresh one (P3) (0.155958ms)
✔ hide rules: one skip never hides; the 2nd hides; not_now hides; all die with the epoch (0.672416ms)
✔ remove/restore keep their v1 semantics: last write wins per playlist (0.207917ms)
✔ bounds: a flood of loves or skips stays under the saturated |bonus| bound (P5) (0.388125ms)
✔ determinism: identical inputs derive byte-identical views, insertion order included (0.285791ms)
✔ explicit-only parity: love/thumb/remove streams derive the same value and parts as deriveFeedback (0.492709ms)
✔ scope_persistence: declared keeps playlist thumbs across epochs; global_only makes them die with the epoch (P25) (1.711334ms)
✔ learning_reset bounds the epoch evidence and clears epoch hides (0.404ms)
✔ odd inputs: empty stream, a single event, unknown signals, a torn timestamp — no throws, honest defaults (0.358792ms)
✔ reliability notes: down-weighted tempo is reported, never silently zero (0.327125ms)
✔ centroids: the kept band pulls near candidates up; a far candidate stays put; parts stay ≤ 0.5 (P19/P20) (1.212125ms)
✔ artist propagation: a single event moves nothing; corroborated artist events move neighbours (P17, capped) (0.369833ms)
✔ a single event forms one epoch with a stable id, daypart and date (21.114333ms)
✔ resume within 30 min keeps the epoch; 30:01 splits; exactly 30:00 keeps (P1) (0.890875ms)
✔ midnight splits the epoch even inside the idle gap (P2) (0.194041ms)
✔ a session-id change splits; a missing session_id is its own bucket, never merged (0.3835ms)
✔ dayparts at the boundaries, America/Chicago (decision 2) (0.847459ms)
✔ the epoch's daypart and date come from its START, not its end (0.153542ms)
✔ insertion order does not matter; ties break on id (determinism) (0.298416ms)
✔ activeEpoch: the last epoch within the live window (inclusive), else null (P4) (0.175459ms)
✔ an epoch that starts after `now` is never active (future events stay out) (0.130542ms)
✔ exploration defaults to OFF and is deterministic when asked (0.624459ms)
✔ exploration OFF path is byte-identical to no-budget (proved on a derived view) (59.651417ms)
✔ accepting a negative proposal lowers preference without creating an exclusion (15.10325ms)
✔ boundary: 2 epochs → no proposal; 3 epochs across 2 dates → exactly one (P21) (0.6875ms)
✔ scan window: evidence older than 30 days proposes nothing (P23) (0.182542ms)
✔ not_now pattern needs 3 epochs, 2 dates AND 2 dayparts (P21) (0.299917ms)
✔ positive thresholds: repeats need 4 epochs AND 3 dates; other apps need 5 and 3 (P22) (0.507416ms)
✔ artist pattern: ≥ 2 different hidden tracks by one artist across 3 epochs / 2 dates propose (0.320416ms)
✔ proposal ids are stable across derivations and scan order, and proposals stay sorted (0.283ms)
✔ the centroid axis list is the frozen A3 subset (0.644792ms)
✔ bpm uses tempo_confidence: full weight at ≥ 0.5, damped below, unusable at ≤ 0.2 or missing (0.168625ms)
✔ other produced axes are usable at weight 1.0; missing values are unusable, never zero (0.0625ms)
✔ declared fields have no producer and are refused honestly (0.048416ms)
✔ apply: renames, artwork follows, empty folders tidied, every move journaled (7.465375ms)
✔ apply: refuses before touching anything when a file vanished or a target exists (2.690584ms)
✔ apply: a failure half-way puts back what was already moved (4.172208ms)
✔ paths that could leave the library are refused; the library root is never removed (1.29275ms)
✖ artist merge: whole folders, everything follows, the variant folder disappears (4.419542ms)
✔ the librarian loop: claims a job from the brain, does it, reports — and resends a lost report (23.673583ms)
✔ import: files from incoming/ are filed, artwork follows, identical copies set aside, undo puts them back (6.56725ms)
﹣ import across disks: copied, checksum-verified, then the original removed (0.0525ms) # SKIP
✔ duplicates: the worse copy is set aside first, the better one takes its place; names never clash; undo puts both back (5.903875ms)
✔ duplicates: a place is only free when an earlier move in the same decision empties it (1.312166ms)
✔ buttons queue commands; the worker takes one at a time and reports back (4.860083ms)
✔ an interrupted command is marked as such; the librarian's batches trigger an update unless switched off (1.696166ms)
✔ while analysis waits for a library list update, the web app sees how far along it is (0.86825ms)
✔ fold drops accents, case and punctuation (0.476834ms)
✔ albums sort by artist (ignoring 'The'), then year; title and year sorts work (16.752ms)
✔ album search matches every word across title, artist and year, accents ignored (0.134041ms)
✔ album paging and summary (0.074041ms)
✔ an album's tracks come back in play order; disc folders fold into the album (0.240333ms)
✔ track search ranks title matches first and needs every word (0.180666ms)
✔ shuffled keeps every item and leaves the input alone (0.09475ms)
✔ who you love: kept, played and loved; compilations aren't artists; top artists followed unless you unfollow (2.644791ms)
✔ which artist: from matched albums without a search; a clear search hit; namesakes go to you (14.27775ms)
✔ the gaps: owned by release group or title, types and live albums filtered, new and upcoming flagged, ignore hides (8.8385ms)
✔ the checker works through followed artists, skips ones waiting for you, and re-checks monthly (2.969333ms)
✔ listen/buy links are plain searches with the names encoded (0.157666ms)
✔ sketches: same recording is close, a different one is far, small shifts are found (2.055833ms)
✔ same recording: identical audio, or matching sketch and length — otherwise not certain (1.660958ms)
✔ better copy: lossless, then resolution, then bitrate, then tags; a tie keeps the copy already there (0.911042ms)
✔ plan: a merge blocked by the same recording keeps the better copy and sets the other aside (14.076958ms)
✔ plan: two copies of one recording in one album folder — the better keeps the name, no “(2)” (0.403166ms)
✔ store: a keep choice is saved, checked and can be forgotten (2.162166ms)
✔ album identity keeps folders separate but searches every track credit (10.527709ms)
✔ all entity types include loose songs and artist summaries keep full credits separate (0.128083ms)
✔ exact matching is normalized whole field, glob is anchored with literal punctuation (0.170792ms)
✔ fuzzy matching catches bounded misspellings without broad short-token guesses (8.215166ms)
✔ AND/OR rule logic and exclusions have explicit semantics (0.193208ms)
✔ year range always intersects text logic, excludes missing dates, validates bounds (0.31925ms)
✔ group totals cover all matches before paging; multi-genre memberships are explicit (0.142583ms)
✔ sort and pagination are deterministic and bounded (0.104458ms)
✔ every table field sorts globally in both directions before pagination (2.977958ms)
✔ missing dates and durations sort last in either direction (0.219541ms)
✔ invalid rules fail plainly and never become an unrestricted search (12.076917ms)
✔ year text stays searchable and non-Latin queries never collapse to empty (0.559708ms)
✔ wildcards cannot create regex backtracking and ? matches one Unicode character (3.946333ms)
✔ Galaxy groups only explicit featured-credit candidates, retains punctuation band identities and source folders (7.496917ms)
✔ Galaxy search spans full artist pool and raw featured credits, random reaches artists beyond first page (5.013958ms)
✔ Galaxy sort count, finite bounds and same-version independent library isolation (0.799083ms)
✔ Galaxy caps detail track payload and reports truncation while retaining full file counts (44.242209ms)
✔ Unicode artist searches retain their script, reject oversized searches, and leave raw identities separate (0.6055ms)
✔ progress reports are type-checked and trimmed to what the UI uses (21.883458ms)
✔ the latest report survives a restart, and silence while analysing shows as stale (2.35325ms)
✔ library stats count names, identity and duplicate copies (0.185208ms)
✔ tags: ID3v2.3 / 2.4 (Latin-1, UTF-8, UTF-16), ID3v1, FLAC, M4A — and junk never throws (4.438542ms)
✔ incoming scan: waits for files still arriving, skips set-asides and dotfiles, caches tags (15.477542ms)
✔ new music: named to the standard, filed beside what's there, gaps filled (8.38475ms)
✔ new music: identical copies are set aside (never deleted); other versions kept as (2) (0.417958ms)
✔ new music: one album uploaded as loose files still takes its artwork along (0.158958ms)
✔ album folders: disc folders fold in, loose files are ignored, names come from tags or folders (6.784625ms)
✔ titles compare loosely: remaster suffixes, accents, punctuation, ampersands (0.462375ms)
✔ a folder with one track left lists the other nine as missing (0.409791ms)
✔ number and length can match a track whose title differs (0.138292ms)
✔ the client is polite: contact required, one request per ~second, Lucene escaping (12.848709ms)
✔ a MusicBrainz ID in the tags is used directly: one request, no search (0.334292ms)
✔ search picks the edition that explains the files, and keeps the others as alternatives (0.399917ms)
✔ nothing confident goes to review; nothing found is no_match (9.40875ms)
✔ the list clears itself when a re-ripped track arrives, and keeps your notes (16.421292ms)
✔ you can choose another edition, or say the album isn't on MusicBrainz (11.87275ms)
✔ the matcher works through folders, re-opens uncertain ones when they change, and backs off when MusicBrainz is busy (5.395333ms)
✔ CSV quotes commas, quotes and newlines (0.215834ms)
✔ naming: safe on macOS and the NAS, the standard track and album forms (1.49925ms)
✔ plan: album folders get the year, tracks get numbers, from tags or MusicBrainz (29.83425ms)
✔ plan: disc folders fold in with 1-01 numbering; copies get (2); compilations go to Various Artists (0.81625ms)
✔ plan: a folder name that's taken gets the edition, or is flagged — never overwritten (0.294792ms)
✔ plan: artist spellings merge into the MusicBrainz / tagged spelling (0.680083ms)
✔ reviews, batches and the librarian's reports (20.329875ms)
✔ overlay: moved tracks follow their files until the next export; matches are carried (1.200042ms)
✔ batches with new music: imports go first, undo swaps the areas back, the overlay ignores arrivals (1.911291ms)
✔ live progress from the librarian: shown while running, keeps a slow big batch from being handed out again (5.098833ms)
✔ paths from any OS and file:// URLs become forward-slash paths (0.495459ms)
✔ M3U: EXTINF gives length, artist and title; comments and streams are skipped (0.4535ms)
✔ songs are found by path end, then artist + title (choosing the album copy), then title + album (3.69475ms)
✔ the album breaks a tie between copies of the same song (0.422ms)
✔ plist reader handles dicts, arrays, entities, empty and boolean tags (0.894083ms)
✔ iTunes library XML: your playlists and folders, not the built-in lists (0.408666ms)
✔ the format is worked out from the file (0.383625ms)
✔ tapping along: close enough counts, octave errors are recognised (0.354333ms)
✔ answers count towards accuracy, correct the track, and give way to a new measurement (3.125166ms)
✔ codes are 6 easy-to-read characters (0.511791ms)
✔ guest IDs are checked and only a hash is kept (0.42125ms)
✔ a party: codes in any case, requests, votes, the host's say, and the end (2.202459ms)
✔ one guest can't flood the list (8.220292ms)
✔ rate limit: so many a minute per key (0.125291ms)
✔ play next goes right after the current song; party requests line up behind each other (80.241959ms)
✔ nested folders and roll-ups stay live as tracks are added (15.372375ms)
✔ interleave alternates children of the source folder (13.616875ms)
✔ shuffle retains every entry, including duplicates (4.298375ms)
✔ rejects recursive roll-ups and preserves the prior state (0.838041ms)
✔ persists edits and protects referenced nodes from deletion (3.064958ms)
✔ smart playlists store the plan, resolve live, and reject invalid plans (2.15025ms)
✔ epoch hides apply without a playlistId; persistent removes still require one (56.072084ms)
✔ hidden split (C2 F4): persistent removes are 'Removed by you'; epoch hides are session counts only (0.767583ms)
✔ legacy view unchanged: silent on skips, hides only the removed playlist (0.672209ms)
✔ the epoch boost cannot break a hard rule (mirrors the v1 guarantee) (0.427667ms)
✔ flagship prompt drafts a valid plan with every exclusion protected (8.936042ms)
✔ sequencing arcs are accepted (no longer dropped as unsupported) and change the hash (0.592417ms)
✔ negations never reach the encoder-bound text (0.657125ms)
✔ flagship evaluation obeys every exclusion and keeps near misses separate (1.304375ms)
✔ the similarity channel cannot smuggle a track past a hard guard (1.59125ms)
✔ unknown never quietly passes an explicit exclusion (0.102958ms)
✔ relaxation never crosses a protected rule; permitted widening is recorded (0.441292ms)
✔ zero and two results are reported honestly, without padding (0.221625ms)
✔ a missing genre tag is not evidence of absence (0.339041ms)
✔ unsupported fields become structured asks, and hard ones are flagged unenforced (0.270917ms)
✔ aliases round-trip to canonical fields and the same hash (0.1765ms)
✔ the hash ignores key order but not meaning (0.104291ms)
✔ malformed plans fail with paths (0.132792ms)
✔ timing predicates require an eligible beat status — null is never zero (0.123709ms)
✔ diversity caps hold and are counted (0.107209ms)
✔ exemplar titles resolve against the library or are reported (0.249333ms)
✔ every produced registry field exists on the analyzer's AnalysisResult (0.322625ms)
✔ a saved plan picks up a newly analysed track from the library file (0.858458ms)
✔ every signal the analyzer exports is registered here (0.216584ms)
✔ the library reader accepts analyzer exports and refuses unknown formats (0.644917ms)
✔ a moved track keeps its ID: path lookups and old IDs resolve to it (0.358125ms)
✔ build ascends by measured intensity — re-orders only, never filters (1.711375ms)
✔ cooldown descends by measured intensity (0.179833ms)
✔ peak rises then relaxes (0.152292ms)
✔ wave alternates deterministically (high/low interleave) (0.104917ms)
✔ wave with odd counts (n = 1, 3, 5) is a full permutation with no undefined (0.261333ms)
✔ low coverage falls back to the ranked order with an honest note (0.097792ms)
✔ unknown-intensity tracks keep their position; measured tracks fill the rest (0.126291ms)
✔ flat (and absent) arcs are a no-op with no notes (0.143125ms)
✔ determinism: repeated calls are deep-equal and every arc keeps the exact membership (0.325833ms)
✔ stations: resolved URL, tidy tags; HLS and broken entries are left out (0.699167ms)
✔ your own network counts as private (3.1445ms)
✔ search asks the directory with SynAmp's filters and remembers stations for favourites (5.814292ms)
✔ an unknown station ID is looked up in the directory (0.91ms)
✔ the relay passes audio through and follows redirects (15.861ms)
✔ the relay refuses stations that point into your own network, even after a redirect (8.9445ms)
✔ a web page instead of audio is refused (3.135ms)
✔ deriveFeedback labels the view with the policy it ran under (0.408417ms)
✔ play → skip is recorded as an early skip, scoped to the session (42.166ms)
✔ stop classification uses an absolute and a relative floor (0.069458ms)
✔ retries are idempotent for reports, queues and feedback (39.126541ms)
✔ interruptions, errors and seeks are never dislikes (61.695458ms)
✔ reports for a track that is no longer current are refused (18.74275ms)
✔ restart restores the session and keeps retries recognised (32.605708ms)
✔ a torn last line from a crash is skipped and the next write starts cleanly (9.937583ms)
✔ heard-through and replays count for that playlist (41.97ms)
✔ remove hides a track from that playlist only, and restore brings it back (18.115708ms)
✔ feedback re-ranks but cannot break a hard rule (10.372125ms)
✔ negatives go global only when explicit or corroborated (10.519291ms)
✔ two early skips in one playlist become a small penalty there (66.869708ms)
✔ feedback decays: playlist signals fade faster than global ones (0.13275ms)
✔ stream links are signed, expire, and stay inside the library (17.133458ms)
✔ feedback recorded under a track's old ID still counts after it moves (0.108958ms)
✔ saved values win over the server file; clearing goes back to it; secrets never leave (2.632208ms)
✔ the listening policy starts at epoch-v1, switches to legacy-v1, and rejects anything else (1.956334ms)
✔ ticks and the NAS's tailnet name are kept; pasted addresses are cleaned up (3.679875ms)
✔ plays from other apps are grouped by app; only Subsonic plays count (0.209709ms)
✔ Navidrome's ping: up, answering oddly, or not there (7.8665ms)
✔ sign-in checks the password with Navidrome and keeps only a salted token (10.509291ms)
✔ sends each playlist with matched songs, counts the rest, and replaces on the next send (5.399416ms)
✔ never touches playlists it didn't make, and remakes one deleted by hand (2.605875ms)
✔ falls back to a quoted empty query and finds new playlists by name on older servers (15.406ms)
✔ a password changed in Navidrome signs SynAmp out instead of retrying forever (5.724958ms)
✔ folder names become part of the playlist name (0.128125ms)
✔ ordinary calls and streams pass straight through (18.77775ms)
✔ an accepted scrobble is captured and mapped to the analyzer's track id (7.348292ms)
✔ a scrobble Navidrome rejects records nothing (103.675583ms)
✔ form-encoded POST scrobbles (OpenSubsonic) work, including several ids (5.486084ms)
✔ only real paths inside the library map to ids (0.07825ms)
✔ the same code gives the same fingerprint; Finder litter and installed packages don't count (6.792542ms)
✔ running vs the NAS copy: same, waiting for Build, or unknown (67.009042ms)
ℹ tests 240
ℹ suites 0
ℹ pass 238
ℹ fail 1
ℹ cancelled 0
ℹ skipped 1
ℹ todo 0
ℹ duration_ms 848.166125

✖ failing tests:

test at src/librarian/librarian.test.ts:149:1
✖ artist merge: whole folders, everything follows, the variant folder disappears (4.419542ms)
  AssertionError [ERR_ASSERTION]: Expected values to be strictly deep-equal:
  + actual - expected
  
    [
  +   'Ani Difranco/Dilate/01 Untouchable Face.mp3',
  +   'Ani Difranco/Dilate/folder.jpg',
  +   'Ani Difranco/Evolve/01 Promised Land.mp3',
  +   'Ani Difranco/notes.txt'
  -   'Ani DiFranco/Dilate/01 Untouchable Face.mp3',
  -   'Ani DiFranco/Dilate/folder.jpg',
  -   'Ani DiFranco/Evolve/01 Promised Land.mp3',
  -   'Ani DiFranco/notes.txt'
    ]
  
      at TestContext.<anonymous> (file:///Users/tapps/_dev/web-apps/SynAmp/apps/brain/src/librarian/librarian.test.ts:162:12)
      at Test.runInAsyncScope (node:async_hooks:214:14)
      at Test.run (node:internal/test_runner/test:1106:25)
      at Test.processPendingSubtests (node:internal/test_runner/test:788:18)
      at Test.postRun (node:internal/test_runner/test:1235:19)
      at Test.run (node:internal/test_runner/test:1163:12)
      at async Test.processPendingSubtests (node:internal/test_runner/test:788:7) {
    generatedMessage: true,
    code: 'ERR_ASSERTION',
    actual: [ 'Ani Difranco/Dilate/01 Untouchable Face.mp3', 'Ani Difranco/Dilate/folder.jpg', 'Ani Difranco/Evolve/01 Promised Land.mp3', 'Ani Difranco/notes.txt' ],
    expected: [ 'Ani DiFranco/Dilate/01 Untouchable Face.mp3', 'Ani DiFranco/Dilate/folder.jpg', 'Ani DiFranco/Evolve/01 Promised Land.mp3', 'Ani DiFranco/notes.txt' ],
    operator: 'deepStrictEqual',
    diff: 'simple'
  }
/Users/tapps/_dev/web-apps/SynAmp/apps/brain:
 ERR_PNPM_RECURSIVE_RUN_FIRST_FAIL  @synamp/brain@0.0.0 test: `node --experimental-strip-types --test src/*.test.ts src/*/*.test.ts`
Exit status 1
