
> @synamp/brain@0.0.0 test /Users/tapps/_dev/web-apps/SynAmp/apps/brain
> node --experimental-strip-types --test src/*.test.ts src/*/*.test.ts

✔ brain routes preserve playlist context, reading notes, policy rollback and proposal log honesty (437.60375ms)
✔ unrecognised numbers remain visible rather than making a request look specific (35.530709ms)
✔ reading notes follow the goals actually applied to each reading (2.974916ms)
✔ flagship focus prompt — specific, one valid reading carrying the research bundle (1.212792ms)
✔ each user example phrase fires its goal with a valid reading (12.326417ms)
✔ vague request — no readings, asks carry the next step (nothing fabricated) (0.382917ms)
✔ surface verbs stay glue: “play me something good” stays vague (0.8385ms)
✔ contradictory “fast relaxing bangers” — the documented pair yields two readings (0.768584ms)
✔ impossible / hyper-specific asks stay honest (0.607375ms)
✔ determinism: identical inputs produce deep-equal interpretations (2.233917ms)
✔ user exclusions survive supersession and stay hard (0.523834ms)
✔ lexicon: nine goals, soft-only bundles ≤ 1.0 emitted total (≤ 0.5 per term), refs everywhere (0.185625ms)
✔ opposing goals yield two readings; the dropped side's draft proxies are set aside (0.554625ms)
✔ blend: calm + sleep merge into one reading with a cooldown arc (0.459875ms)
✔ drive keeps its medium feel: the draft “energetic” arousal proxy is superseded, never kept twice (0.419958ms)
✔ genre context guard: “the house” is a room, “house music” is a genre (1.147833ms)
✔ “workout then sleep” builds the first phase only and asks about the second (0.389125ms)
✔ catharsis covers angry language too (A1 §2.1 C): angry/anger/furious/rage (1.331ms)
✔ copy corrections (C3 F-COPY-1): softened claims, no broken year example, no “lift me” promise (0.170209ms)
✔ lexicon regressions: drive supersedes the energy proxy; angry words are catharsis triggers (0.045458ms)
✔ request signing follows the Last.fm recipe (0.690292ms)
✔ Last.fm's play rule: over 30 s, and half the track or 4 minutes (0.073667ms)
✔ connecting needs the one-time state; then only plays while on are sent (25.924333ms)
✔ folder-guessed names are held back, never sent; short and partial plays don't count (6.150125ms)
✔ plays captured from other apps use the library core's names (2.438833ms)
✔ more than 50 plays go in batches of 50, oldest first (8.567041ms)
✔ outages back off and keep the plays; a bad session pauses until reconnect (4.442ms)
✔ refusals are recorded once and never retried (1.548667ms)
✔ off means off, and disconnect forgets the session (2.281333ms)
✔ isolation: implicit events from another day never change a derived value (byte compare, both directions) (25.664584ms)
✔ resume within 30 min keeps this session's evidence; a 30:01 gap starts fresh (0.320833ms)
✔ midnight boundary kills the previous day's evidence (P2) (0.2875ms)
✔ half-life: this session's weight at +60 min is ≤ 0.25× a fresh one (P3) (0.161625ms)
✔ hide rules: one skip never hides; the 2nd hides; not_now hides; all die with the epoch (0.659125ms)
✔ remove/restore keep their v1 semantics: last write wins per playlist (0.192667ms)
✔ bounds: a flood of loves or skips stays under the saturated |bonus| bound (P5) (0.455042ms)
✔ determinism: identical inputs derive byte-identical views, insertion order included (0.335167ms)
✔ explicit-only parity: love/thumb/remove streams derive the same value and parts as deriveFeedback (1.555ms)
✔ scope_persistence: declared keeps playlist thumbs across epochs; global_only makes them die with the epoch (P25) (1.140917ms)
✔ learning_reset bounds the epoch evidence and clears epoch hides (0.730292ms)
✔ odd inputs: empty stream, a single event, unknown signals, a torn timestamp — no throws, honest defaults (0.409375ms)
✔ reliability notes: down-weighted tempo is reported, never silently zero (0.339875ms)
✔ centroids: the kept band pulls near candidates up; a far candidate stays put; parts stay ≤ 0.5 (P19/P20) (0.628125ms)
✔ artist propagation: a single event moves nothing; corroborated artist events move neighbours (P17, capped) (0.400334ms)
✔ a single event forms one epoch with a stable id, daypart and date (29.578958ms)
✔ resume within 30 min keeps the epoch; 30:01 splits; exactly 30:00 keeps (P1) (0.382ms)
✔ midnight splits the epoch even inside the idle gap (P2) (0.144833ms)
✔ a session-id change splits; a missing session_id is its own bucket, never merged (0.337375ms)
✔ dayparts at the boundaries, America/Chicago (decision 2) (0.744208ms)
✔ the epoch's daypart and date come from its START, not its end (0.143042ms)
✔ insertion order does not matter; ties break on id (determinism) (0.2875ms)
✔ activeEpoch: the last epoch within the live window (inclusive), else null (P4) (0.163583ms)
✔ an epoch that starts after `now` is never active (future events stay out) (0.139167ms)
✔ exploration defaults to OFF and is deterministic when asked (3.064042ms)
✔ exploration OFF path is byte-identical to no-budget (proved on a derived view) (25.045708ms)
✔ accepting a negative proposal lowers preference without creating an exclusion (15.916ms)
✔ boundary: 2 epochs → no proposal; 3 epochs across 2 dates → exactly one (P21) (1.781042ms)
✔ scan window: evidence older than 30 days proposes nothing (P23) (0.344959ms)
✔ not_now pattern needs 3 epochs, 2 dates AND 2 dayparts (P21) (0.991125ms)
✔ positive thresholds: repeats need 4 epochs AND 3 dates; other apps need 5 and 3 (P22) (0.876208ms)
✔ artist pattern: ≥ 2 different hidden tracks by one artist across 3 epochs / 2 dates propose (0.777458ms)
✔ proposal ids are stable across derivations and scan order, and proposals stay sorted (0.491625ms)
✔ the centroid axis list is the frozen A3 subset (0.666833ms)
✔ bpm uses tempo_confidence: full weight at ≥ 0.5, damped below, unusable at ≤ 0.2 or missing (0.175042ms)
✔ other produced axes are usable at weight 1.0; missing values are unusable, never zero (0.070333ms)
✔ declared fields have no producer and are refused honestly (0.054709ms)
✔ apply: renames, artwork follows, empty folders tidied, every move journaled (9.8225ms)
✔ apply: refuses before touching anything when a file vanished or a target exists (3.229333ms)
✔ apply: a failure half-way puts back what was already moved (14.476916ms)
✔ paths that could leave the library are refused; the library root is never removed (1.920583ms)
✖ artist merge: whole folders, everything follows, the variant folder disappears (3.929458ms)
✔ the librarian loop: claims a job from the brain, does it, reports — and resends a lost report (72.517459ms)
✔ import: files from incoming/ are filed, artwork follows, identical copies set aside, undo puts them back (21.65625ms)
﹣ import across disks: copied, checksum-verified, then the original removed (0.060375ms) # SKIP
✔ duplicates: the worse copy is set aside first, the better one takes its place; names never clash; undo puts both back (8.829083ms)
✔ duplicates: a place is only free when an earlier move in the same decision empties it (1.268042ms)
✔ buttons queue commands; the worker takes one at a time and reports back (12.854708ms)
✔ an interrupted command is marked as such; the librarian's batches trigger an update unless switched off (5.69375ms)
✔ while analysis waits for a library list update, the web app sees how far along it is (3.145458ms)
✔ fold drops accents, case and punctuation (0.466042ms)
✔ albums sort by artist (ignoring 'The'), then year; title and year sorts work (6.623584ms)
✔ album search matches every word across title, artist and year, accents ignored (0.125375ms)
✔ album paging and summary (0.06875ms)
✔ an album's tracks come back in play order; disc folders fold into the album (0.226375ms)
✔ track search ranks title matches first and needs every word (0.178209ms)
✔ shuffled keeps every item and leaves the input alone (0.092792ms)
✔ who you love: kept, played and loved; compilations aren't artists; top artists followed unless you unfollow (10.098041ms)
✔ which artist: from matched albums without a search; a clear search hit; namesakes go to you (12.482834ms)
✔ the gaps: owned by release group or title, types and live albums filtered, new and upcoming flagged, ignore hides (19.493ms)
✔ the checker works through followed artists, skips ones waiting for you, and re-checks monthly (2.272ms)
✔ listen/buy links are plain searches with the names encoded (0.124792ms)
✔ sketches: same recording is close, a different one is far, small shifts are found (1.023459ms)
✔ same recording: identical audio, or matching sketch and length — otherwise not certain (0.682584ms)
✔ better copy: lossless, then resolution, then bitrate, then tags; a tie keeps the copy already there (0.436875ms)
✔ plan: a merge blocked by the same recording keeps the better copy and sets the other aside (31.779625ms)
✔ plan: two copies of one recording in one album folder — the better keeps the name, no “(2)” (0.364459ms)
✔ store: a keep choice is saved, checked and can be forgotten (1.50425ms)
✔ album identity keeps folders separate but searches every track credit (8.344ms)
✔ all entity types include loose songs and artist summaries keep full credits separate (0.129125ms)
✔ exact matching is normalized whole field, glob is anchored with literal punctuation (0.176917ms)
✔ fuzzy matching catches bounded misspellings without broad short-token guesses (0.1715ms)
✔ AND/OR rule logic and exclusions have explicit semantics (0.146958ms)
✔ year range always intersects text logic, excludes missing dates, validates bounds (0.283167ms)
✔ group totals cover all matches before paging; multi-genre memberships are explicit (0.13725ms)
✔ sort and pagination are deterministic and bounded (0.096167ms)
✔ invalid rules fail plainly and never become an unrestricted search (1.593209ms)
✔ year text stays searchable and non-Latin queries never collapse to empty (0.468792ms)
✔ wildcards cannot create regex backtracking and ? matches one Unicode character (0.239833ms)
✔ Galaxy groups only explicit featured-credit candidates, retains punctuation band identities and source folders (7.524125ms)
✔ Galaxy search spans full artist pool and raw featured credits, random reaches artists beyond first page (56.300708ms)
✔ Galaxy sort count, finite bounds and same-version independent library isolation (0.409375ms)
✔ Galaxy caps detail track payload and reports truncation while retaining full file counts (26.800125ms)
✔ Unicode artist searches retain their script, reject oversized searches, and leave raw identities separate (0.601ms)
✔ progress reports are type-checked and trimmed to what the UI uses (0.9185ms)
✔ the latest report survives a restart, and silence while analysing shows as stale (1.167459ms)
✔ library stats count names, identity and duplicate copies (0.147375ms)
✔ tags: ID3v2.3 / 2.4 (Latin-1, UTF-8, UTF-16), ID3v1, FLAC, M4A — and junk never throws (3.945083ms)
✔ incoming scan: waits for files still arriving, skips set-asides and dotfiles, caches tags (3.113125ms)
✔ new music: named to the standard, filed beside what's there, gaps filled (11.96675ms)
✔ new music: identical copies are set aside (never deleted); other versions kept as (2) (0.669167ms)
✔ new music: one album uploaded as loose files still takes its artwork along (0.177083ms)
✔ album folders: disc folders fold in, loose files are ignored, names come from tags or folders (9.883958ms)
✔ titles compare loosely: remaster suffixes, accents, punctuation, ampersands (0.370333ms)
✔ a folder with one track left lists the other nine as missing (0.394ms)
✔ number and length can match a track whose title differs (0.132167ms)
✔ the client is polite: contact required, one request per ~second, Lucene escaping (10.165125ms)
✔ a MusicBrainz ID in the tags is used directly: one request, no search (0.345083ms)
✔ search picks the edition that explains the files, and keeps the others as alternatives (0.402041ms)
✔ nothing confident goes to review; nothing found is no_match (5.973042ms)
✔ the list clears itself when a re-ripped track arrives, and keeps your notes (1.679042ms)
✔ you can choose another edition, or say the album isn't on MusicBrainz (1.364166ms)
✔ the matcher works through folders, re-opens uncertain ones when they change, and backs off when MusicBrainz is busy (14.462875ms)
✔ CSV quotes commas, quotes and newlines (0.253833ms)
✔ naming: safe on macOS and the NAS, the standard track and album forms (1.461583ms)
✔ plan: album folders get the year, tracks get numbers, from tags or MusicBrainz (9.497417ms)
✔ plan: disc folders fold in with 1-01 numbering; copies get (2); compilations go to Various Artists (0.814791ms)
✔ plan: a folder name that's taken gets the edition, or is flagged — never overwritten (0.266792ms)
✔ plan: artist spellings merge into the MusicBrainz / tagged spelling (0.639666ms)
✔ reviews, batches and the librarian's reports (18.776459ms)
✔ overlay: moved tracks follow their files until the next export; matches are carried (10.493ms)
✔ batches with new music: imports go first, undo swaps the areas back, the overlay ignores arrivals (6.953542ms)
✔ live progress from the librarian: shown while running, keeps a slow big batch from being handed out again (3.440458ms)
✔ paths from any OS and file:// URLs become forward-slash paths (0.461667ms)
✔ M3U: EXTINF gives length, artist and title; comments and streams are skipped (0.451209ms)
✔ songs are found by path end, then artist + title (choosing the album copy), then title + album (0.744375ms)
✔ the album breaks a tie between copies of the same song (0.11ms)
✔ plist reader handles dicts, arrays, entities, empty and boolean tags (0.262041ms)
✔ iTunes library XML: your playlists and folders, not the built-in lists (1.845333ms)
✔ the format is worked out from the file (0.459042ms)
✔ tapping along: close enough counts, octave errors are recognised (0.366542ms)
✔ answers count towards accuracy, correct the track, and give way to a new measurement (7.139166ms)
✔ codes are 6 easy-to-read characters (0.529708ms)
✔ guest IDs are checked and only a hash is kept (0.448125ms)
✔ a party: codes in any case, requests, votes, the host's say, and the end (7.091833ms)
✔ one guest can't flood the list (0.93775ms)
✔ rate limit: so many a minute per key (0.091792ms)
✔ play next goes right after the current song; party requests line up behind each other (109.005125ms)
✔ nested folders and roll-ups stay live as tracks are added (17.000417ms)
✔ interleave alternates children of the source folder (3.797167ms)
✔ shuffle retains every entry, including duplicates (1.584708ms)
✔ rejects recursive roll-ups and preserves the prior state (0.879875ms)
✔ persists edits and protects referenced nodes from deletion (1.23125ms)
✔ smart playlists store the plan, resolve live, and reject invalid plans (1.797208ms)
✔ epoch hides apply without a playlistId; persistent removes still require one (14.683584ms)
✔ hidden split (C2 F4): persistent removes are 'Removed by you'; epoch hides are session counts only (0.798375ms)
✔ legacy view unchanged: silent on skips, hides only the removed playlist (0.386667ms)
✔ the epoch boost cannot break a hard rule (mirrors the v1 guarantee) (0.2865ms)
✔ flagship prompt drafts a valid plan with every exclusion protected (8.938292ms)
✔ sequencing arcs are accepted (no longer dropped as unsupported) and change the hash (0.56075ms)
✔ negations never reach the encoder-bound text (0.630875ms)
✔ flagship evaluation obeys every exclusion and keeps near misses separate (1.349667ms)
✔ the similarity channel cannot smuggle a track past a hard guard (0.804334ms)
✔ unknown never quietly passes an explicit exclusion (0.090209ms)
✔ relaxation never crosses a protected rule; permitted widening is recorded (0.438416ms)
✔ zero and two results are reported honestly, without padding (0.227209ms)
✔ a missing genre tag is not evidence of absence (0.3245ms)
✔ unsupported fields become structured asks, and hard ones are flagged unenforced (0.267791ms)
✔ aliases round-trip to canonical fields and the same hash (0.188709ms)
✔ the hash ignores key order but not meaning (0.109792ms)
✔ malformed plans fail with paths (0.125958ms)
✔ timing predicates require an eligible beat status — null is never zero (0.132375ms)
✔ diversity caps hold and are counted (0.121416ms)
✔ exemplar titles resolve against the library or are reported (0.270708ms)
✔ every produced registry field exists on the analyzer's AnalysisResult (0.537333ms)
✔ a saved plan picks up a newly analysed track from the library file (1.071541ms)
✔ every signal the analyzer exports is registered here (0.566458ms)
✔ the library reader accepts analyzer exports and refuses unknown formats (0.775417ms)
✔ a moved track keeps its ID: path lookups and old IDs resolve to it (1.64225ms)
✔ build ascends by measured intensity — re-orders only, never filters (1.696792ms)
✔ cooldown descends by measured intensity (0.200042ms)
✔ peak rises then relaxes (0.158417ms)
✔ wave alternates deterministically (high/low interleave) (0.112792ms)
✔ wave with odd counts (n = 1, 3, 5) is a full permutation with no undefined (0.256875ms)
✔ low coverage falls back to the ranked order with an honest note (0.0995ms)
✔ unknown-intensity tracks keep their position; measured tracks fill the rest (0.12425ms)
✔ flat (and absent) arcs are a no-op with no notes (0.141875ms)
✔ determinism: repeated calls are deep-equal and every arc keeps the exact membership (0.306333ms)
✔ stations: resolved URL, tidy tags; HLS and broken entries are left out (0.672708ms)
✔ your own network counts as private (3.13875ms)
✔ search asks the directory with SynAmp's filters and remembers stations for favourites (3.03475ms)
✔ an unknown station ID is looked up in the directory (0.651583ms)
✔ the relay passes audio through and follows redirects (29.158416ms)
✔ the relay refuses stations that point into your own network, even after a redirect (8.504583ms)
✔ a web page instead of audio is refused (3.505583ms)
✔ deriveFeedback labels the view with the policy it ran under (1.088208ms)
✔ play → skip is recorded as an early skip, scoped to the session (42.247667ms)
✔ stop classification uses an absolute and a relative floor (0.072708ms)
✔ retries are idempotent for reports, queues and feedback (38.723708ms)
✔ interruptions, errors and seeks are never dislikes (59.998334ms)
✔ reports for a track that is no longer current are refused (18.979792ms)
✔ restart restores the session and keeps retries recognised (31.521708ms)
✔ a torn last line from a crash is skipped and the next write starts cleanly (10.311833ms)
✔ heard-through and replays count for that playlist (41.531625ms)
✔ remove hides a track from that playlist only, and restore brings it back (17.960334ms)
✔ feedback re-ranks but cannot break a hard rule (9.652292ms)
✔ negatives go global only when explicit or corroborated (10.042458ms)
✔ two early skips in one playlist become a small penalty there (64.11225ms)
✔ feedback decays: playlist signals fade faster than global ones (0.163625ms)
✔ stream links are signed, expire, and stay inside the library (18.629625ms)
✔ feedback recorded under a track's old ID still counts after it moves (0.110208ms)
✔ saved values win over the server file; clearing goes back to it; secrets never leave (2.434958ms)
✔ the listening policy starts at epoch-v1, switches to legacy-v1, and rejects anything else (2.6345ms)
✔ ticks and the NAS's tailnet name are kept; pasted addresses are cleaned up (2.42ms)
✔ plays from other apps are grouped by app; only Subsonic plays count (0.158667ms)
✔ Navidrome's ping: up, answering oddly, or not there (9.068333ms)
✔ sign-in checks the password with Navidrome and keeps only a salted token (17.471584ms)
✔ sends each playlist with matched songs, counts the rest, and replaces on the next send (13.2865ms)
✔ never touches playlists it didn't make, and remakes one deleted by hand (14.357417ms)
✔ falls back to a quoted empty query and finds new playlists by name on older servers (1.573958ms)
✔ a password changed in Navidrome signs SynAmp out instead of retrying forever (6.059917ms)
✔ folder names become part of the playlist name (0.152ms)
✔ ordinary calls and streams pass straight through (17.884875ms)
✔ an accepted scrobble is captured and mapped to the analyzer's track id (7.027334ms)
✔ a scrobble Navidrome rejects records nothing (104.234042ms)
✔ form-encoded POST scrobbles (OpenSubsonic) work, including several ids (5.574917ms)
✔ only real paths inside the library map to ids (0.090125ms)
✔ the same code gives the same fingerprint; Finder litter and installed packages don't count (4.761542ms)
✔ running vs the NAS copy: same, waiting for Build, or unknown (76.139583ms)
ℹ tests 238
ℹ suites 0
ℹ pass 236
ℹ fail 1
ℹ cancelled 0
ℹ skipped 1
ℹ todo 0
ℹ duration_ms 891.493666

✖ failing tests:

test at src/librarian/librarian.test.ts:149:1
✖ artist merge: whole folders, everything follows, the variant folder disappears (3.929458ms)
  AssertionError [ERR_ASSERTION]: Expected values to be strictly deep-equal:
  + actual - expected
  
    [
  +   'Ani Difranco/Dilate/01 Untouchable Face.mp3',
  +   'Ani Difranco/Dilate/folder.jpg',
  +   'Ani Difranco/Evolve/01 Promised Land.mp3',
  +   'Ani Difranco/notes.txt'
  -   'Ani DiFranco/Dilate/01 Untouchable Face.mp3',
  -   'Ani DiFranco/Dilate/folder.jpg',
  -   'Ani DiFranco/Evolve/01 Promised Land.mp3',
  -   'Ani DiFranco/notes.txt'
    ]
  
      at TestContext.<anonymous> (file:///Users/tapps/_dev/web-apps/SynAmp/apps/brain/src/librarian/librarian.test.ts:162:12)
      at Test.runInAsyncScope (node:async_hooks:214:14)
      at Test.run (node:internal/test_runner/test:1106:25)
      at Test.processPendingSubtests (node:internal/test_runner/test:788:18)
      at Test.postRun (node:internal/test_runner/test:1235:19)
      at Test.run (node:internal/test_runner/test:1163:12)
      at async Test.processPendingSubtests (node:internal/test_runner/test:788:7) {
    generatedMessage: true,
    code: 'ERR_ASSERTION',
    actual: [ 'Ani Difranco/Dilate/01 Untouchable Face.mp3', 'Ani Difranco/Dilate/folder.jpg', 'Ani Difranco/Evolve/01 Promised Land.mp3', 'Ani Difranco/notes.txt' ],
    expected: [ 'Ani DiFranco/Dilate/01 Untouchable Face.mp3', 'Ani DiFranco/Dilate/folder.jpg', 'Ani DiFranco/Evolve/01 Promised Land.mp3', 'Ani DiFranco/notes.txt' ],
    operator: 'deepStrictEqual',
    diff: 'simple'
  }
/Users/tapps/_dev/web-apps/SynAmp/apps/brain:
 ERR_PNPM_RECURSIVE_RUN_FIRST_FAIL  @synamp/brain@0.0.0 test: `node --experimental-strip-types --test src/*.test.ts src/*/*.test.ts`
Exit status 1
