
> @synamp/web@0.0.0 build /Users/tapps/_dev/web-apps/SynAmp/apps/web
> tsc -p tsconfig.json --noEmit && vite build

vite v6.4.3 building for production...
transforming...
✓ 140 modules transformed.
rendering chunks...
computing gzip size...
dist/index.html                                   0.91 kB │ gzip:   0.47 kB
dist/assets/synamp-wordmark-DYGcsW_8.svg         27.46 kB │ gzip:   9.03 kB
dist/assets/synamp-mark-Mpuqj83A.svg             63.56 kB │ gzip:  23.55 kB
dist/assets/Visuals-CPPWf5Yv.css                  1.34 kB │ gzip:   0.60 kB
dist/assets/Galaxy-ChifiSGE.css                   5.90 kB │ gzip:   1.74 kB
dist/assets/index-g0w1KTsI.css                   72.98 kB │ gzip:  14.49 kB
dist/assets/_commonjsHelpers-CqkleIqs.js          0.12 kB │ gzip:   0.13 kB
dist/assets/Visuals-CpGQuKUr.js                   5.90 kB │ gzip:   2.32 kB
dist/assets/Galaxy-BtoLB9cd.js                   12.04 kB │ gzip:   4.41 kB
dist/assets/browser-C-3SCi0V.js                  25.77 kB │ gzip:  10.14 kB
dist/assets/butterchurn-DEdoJIEc.js             198.26 kB │ gzip:  44.92 kB
dist/assets/index-Cos1n5sK.js                   374.91 kB │ gzip: 111.36 kB
dist/assets/butterchurnPresets.min-zQja_U1f.js  645.86 kB │ gzip: 122.49 kB
✓ built in 818ms
