### boot with PLAYLIST_API_TOKEN=smoke-token
server pid 13229

### auth checks
GET /health (no token)          → 200
GET /api/v1/brain/session (no token)   → 401
GET /api/v1/brain/session (token)      → 200
POST /api/v1/brain/forget (no token)   → 401
POST /api/v1/brain/forget (token)      → 200
POST /api/v1/brain/forget bad scope    → 400
POST /api/v1/brain/proposals unknown   → 404
POST /api/v1/brain/proposals bad action → 400

### with token: readout body head
{
  "policy_version": "epoch-v1",
  "listening_policy": "epoch-v1",
  "events": 1,
  "epoch": {
    "id": "ep1:a9f6553525e70d9",
    "t_start": 1791347138995,
    "t_end": 1791347138995,
    "first_event_id": "79622d42-2a23-41a1-ae33-9f2a80dffbe5",
    "event_count": 1,
    "session_ids": [
      "19dcc49c-9bae-4003-a659-388e9687da3f"
    ],
    "daypart": "night",
    "date": "2026-10-06"
  },
  

### kill auth server
done (auth run)
