
> @synamp/brain@0.0.0 test /Users/tapps/_dev/web-apps/SynAmp/apps/brain
> node --experimental-strip-types --test src/*.test.ts src/*/*.test.ts

✔ flagship focus prompt — specific, one valid reading carrying the research bundle (36.396083ms)
✔ each user example phrase fires its goal with a valid reading (19.944375ms)
✔ vague request — no readings, asks carry the next step (nothing fabricated) (0.364708ms)
✔ surface verbs stay glue: “play me something good” stays vague (0.77125ms)
✔ contradictory “fast relaxing bangers” — the documented pair yields two readings (0.92975ms)
✔ impossible / hyper-specific asks stay honest (0.601959ms)
✔ determinism: identical inputs produce deep-equal interpretations (2.347833ms)
✔ user exclusions survive supersession and stay hard (0.405083ms)
✔ lexicon: nine goals, soft-only bundles ≤ 1.0 emitted total (≤ 0.5 per term), refs everywhere (2.1365ms)
✔ opposing goals yield two readings; the dropped side's draft proxies are set aside (1.160209ms)
✔ blend: calm + sleep merge into one reading with a cooldown arc (0.61575ms)
✔ drive keeps its medium feel: the draft “energetic” arousal proxy is superseded, never kept twice (0.392541ms)
✔ genre context guard: “the house” is a room, “house music” is a genre (4.069458ms)
✔ “workout then sleep” builds the first phase only and asks about the second (13.670459ms)
✔ catharsis covers angry language too (A1 §2.1 C): angry/anger/furious/rage (18.456125ms)
✔ copy corrections (C3 F-COPY-1): softened claims, no broken year example, no “lift me” promise (0.18925ms)
✔ lexicon regressions: drive supersedes the energy proxy; angry words are catharsis triggers (0.060167ms)
✔ request signing follows the Last.fm recipe (2.772417ms)
✔ Last.fm's play rule: over 30 s, and half the track or 4 minutes (0.078584ms)
✔ connecting needs the one-time state; then only plays while on are sent (14.7405ms)
✔ folder-guessed names are held back, never sent; short and partial plays don't count (1.856125ms)
✔ plays captured from other apps use the library core's names (11.354291ms)
✔ more than 50 plays go in batches of 50, oldest first (32.379666ms)
✔ outages back off and keep the plays; a bad session pauses until reconnect (6.95075ms)
✔ refusals are recorded once and never retried (1.794209ms)
✔ off means off, and disconnect forgets the session (3.188209ms)
✔ isolation: implicit events from another day never change a derived value (byte compare, both directions) (58.341ms)
✔ resume within 30 min keeps this session's evidence; a 30:01 gap starts fresh (0.376833ms)
✔ midnight boundary kills the previous day's evidence (P2) (0.348125ms)
✔ half-life: this session's weight at +60 min is ≤ 0.25× a fresh one (P3) (0.170959ms)
✔ hide rules: one skip never hides; the 2nd hides; not_now hides; all die with the epoch (0.659875ms)
✔ remove/restore keep their v1 semantics: last write wins per playlist (0.20275ms)
✔ bounds: a flood of loves or skips stays under the saturated |bonus| bound (P5) (0.389125ms)
✔ determinism: identical inputs derive byte-identical views, insertion order included (0.273125ms)
✔ explicit-only parity: love/thumb/remove streams derive the same value and parts as deriveFeedback (0.467459ms)
✔ scope_persistence: declared keeps playlist thumbs across epochs; global_only makes them die with the epoch (P25) (14.426125ms)
✔ learning_reset bounds the epoch evidence and clears epoch hides (0.405459ms)
✔ odd inputs: empty stream, a single event, unknown signals, a torn timestamp — no throws, honest defaults (0.369792ms)
✔ reliability notes: down-weighted tempo is reported, never silently zero (0.343292ms)
✔ centroids: the kept band pulls near candidates up; a far candidate stays put; parts stay ≤ 0.5 (P19/P20) (0.333375ms)
✔ artist propagation: a single event moves nothing; corroborated artist events move neighbours (P17, capped) (0.23275ms)
✔ a single event forms one epoch with a stable id, daypart and date (41.243ms)
✔ resume within 30 min keeps the epoch; 30:01 splits; exactly 30:00 keeps (P1) (0.53275ms)
✔ midnight splits the epoch even inside the idle gap (P2) (0.150791ms)
✔ a session-id change splits; a missing session_id is its own bucket, never merged (0.35375ms)
✔ dayparts at the boundaries, America/Chicago (decision 2) (0.621042ms)
✔ the epoch's daypart and date come from its START, not its end (0.126125ms)
✔ insertion order does not matter; ties break on id (determinism) (0.275542ms)
✔ activeEpoch: the last epoch within the live window (inclusive), else null (P4) (0.156625ms)
✔ an epoch that starts after `now` is never active (future events stay out) (3.25675ms)
✔ exploration defaults to OFF and is deterministic when asked (0.726375ms)
✔ exploration OFF path is byte-identical to no-budget (proved on a derived view) (20.28425ms)
✔ boundary: 2 epochs → no proposal; 3 epochs across 2 dates → exactly one (P21) (42.117083ms)
✔ scan window: evidence older than 30 days proposes nothing (P23) (0.228375ms)
✔ not_now pattern needs 3 epochs, 2 dates AND 2 dayparts (P21) (0.353541ms)
✔ positive thresholds: repeats need 4 epochs AND 3 dates; other apps need 5 and 3 (P22) (0.52375ms)
✔ artist pattern: ≥ 2 different hidden tracks by one artist across 3 epochs / 2 dates propose (0.322083ms)
✔ proposal ids are stable across derivations and scan order, and proposals stay sorted (0.330292ms)
✔ the centroid axis list is the frozen A3 subset (1.600625ms)
✔ bpm uses tempo_confidence: full weight at ≥ 0.5, damped below, unusable at ≤ 0.2 or missing (0.249209ms)
✔ other produced axes are usable at weight 1.0; missing values are unusable, never zero (0.08ms)
✔ declared fields have no producer and are refused honestly (0.061292ms)
✔ apply: renames, artwork follows, empty folders tidied, every move journaled (7.316791ms)
✔ apply: refuses before touching anything when a file vanished or a target exists (5.158334ms)
✔ apply: a failure half-way puts back what was already moved (5.892834ms)
✔ paths that could leave the library are refused; the library root is never removed (0.858625ms)
✖ artist merge: whole folders, everything follows, the variant folder disappears (7.1315ms)
✔ the librarian loop: claims a job from the brain, does it, reports — and resends a lost report (21.146875ms)
✔ import: files from incoming/ are filed, artwork follows, identical copies set aside, undo puts them back (4.24ms)
﹣ import across disks: copied, checksum-verified, then the original removed (0.050666ms) # SKIP
✔ duplicates: the worse copy is set aside first, the better one takes its place; names never clash; undo puts both back (8.027292ms)
✔ duplicates: a place is only free when an earlier move in the same decision empties it (1.449417ms)
✔ buttons queue commands; the worker takes one at a time and reports back (4.437542ms)
✔ an interrupted command is marked as such; the librarian's batches trigger an update unless switched off (1.662166ms)
✔ while analysis waits for a library list update, the web app sees how far along it is (0.90875ms)
✔ fold drops accents, case and punctuation (0.440667ms)
✔ albums sort by artist (ignoring 'The'), then year; title and year sorts work (8.252958ms)
✔ album search matches every word across title, artist and year, accents ignored (0.129708ms)
✔ album paging and summary (0.070458ms)
✔ an album's tracks come back in play order; disc folders fold into the album (0.229584ms)
✔ track search ranks title matches first and needs every word (0.174542ms)
✔ shuffled keeps every item and leaves the input alone (0.092792ms)
✔ who you love: kept, played and loved; compilations aren't artists; top artists followed unless you unfollow (2.390958ms)
✔ which artist: from matched albums without a search; a clear search hit; namesakes go to you (10.398459ms)
✔ the gaps: owned by release group or title, types and live albums filtered, new and upcoming flagged, ignore hides (11.783959ms)
✔ the checker works through followed artists, skips ones waiting for you, and re-checks monthly (4.133083ms)
✔ listen/buy links are plain searches with the names encoded (0.218042ms)
✔ sketches: same recording is close, a different one is far, small shifts are found (1.072709ms)
✔ same recording: identical audio, or matching sketch and length — otherwise not certain (0.977041ms)
✔ better copy: lossless, then resolution, then bitrate, then tags; a tie keeps the copy already there (0.446292ms)
✔ plan: a merge blocked by the same recording keeps the better copy and sets the other aside (11.582958ms)
✔ plan: two copies of one recording in one album folder — the better keeps the name, no “(2)” (0.407792ms)
✔ store: a keep choice is saved, checked and can be forgotten (1.728334ms)
✔ progress reports are type-checked and trimmed to what the UI uses (0.952625ms)
✔ the latest report survives a restart, and silence while analysing shows as stale (0.979375ms)
✔ library stats count names, identity and duplicate copies (0.129666ms)
✔ tags: ID3v2.3 / 2.4 (Latin-1, UTF-8, UTF-16), ID3v1, FLAC, M4A — and junk never throws (4.875833ms)
✔ incoming scan: waits for files still arriving, skips set-asides and dotfiles, caches tags (5.24875ms)
✔ new music: named to the standard, filed beside what's there, gaps filled (7.669958ms)
✔ new music: identical copies are set aside (never deleted); other versions kept as (2) (0.228625ms)
✔ new music: one album uploaded as loose files still takes its artwork along (0.124292ms)
✔ album folders: disc folders fold in, loose files are ignored, names come from tags or folders (6.748875ms)
✔ titles compare loosely: remaster suffixes, accents, punctuation, ampersands (0.36875ms)
✔ a folder with one track left lists the other nine as missing (0.378542ms)
✔ number and length can match a track whose title differs (0.13ms)
✔ the client is polite: contact required, one request per ~second, Lucene escaping (69.655792ms)
✔ a MusicBrainz ID in the tags is used directly: one request, no search (0.351375ms)
✔ search picks the edition that explains the files, and keeps the others as alternatives (0.411917ms)
✔ nothing confident goes to review; nothing found is no_match (11.937667ms)
✔ the list clears itself when a re-ripped track arrives, and keeps your notes (21.405959ms)
✔ you can choose another edition, or say the album isn't on MusicBrainz (6.533333ms)
✔ the matcher works through folders, re-opens uncertain ones when they change, and backs off when MusicBrainz is busy (19.24125ms)
✔ CSV quotes commas, quotes and newlines (0.239292ms)
✔ naming: safe on macOS and the NAS, the standard track and album forms (3.378209ms)
✔ plan: album folders get the year, tracks get numbers, from tags or MusicBrainz (15.87175ms)
✔ plan: disc folders fold in with 1-01 numbering; copies get (2); compilations go to Various Artists (0.745041ms)
✔ plan: a folder name that's taken gets the edition, or is flagged — never overwritten (0.304ms)
✔ plan: artist spellings merge into the MusicBrainz / tagged spelling (0.779375ms)
✔ reviews, batches and the librarian's reports (28.901167ms)
✔ overlay: moved tracks follow their files until the next export; matches are carried (2.498334ms)
✔ batches with new music: imports go first, undo swaps the areas back, the overlay ignores arrivals (2.983292ms)
✔ live progress from the librarian: shown while running, keeps a slow big batch from being handed out again (2.696042ms)
✔ paths from any OS and file:// URLs become forward-slash paths (0.52625ms)
✔ M3U: EXTINF gives length, artist and title; comments and streams are skipped (0.489375ms)
✔ songs are found by path end, then artist + title (choosing the album copy), then title + album (0.774458ms)
✔ the album breaks a tie between copies of the same song (0.117ms)
✔ plist reader handles dicts, arrays, entities, empty and boolean tags (0.2775ms)
✔ iTunes library XML: your playlists and folders, not the built-in lists (0.347542ms)
✔ the format is worked out from the file (0.342458ms)
✔ tapping along: close enough counts, octave errors are recognised (0.334958ms)
✔ answers count towards accuracy, correct the track, and give way to a new measurement (3.501ms)
✔ codes are 6 easy-to-read characters (0.503916ms)
✔ guest IDs are checked and only a hash is kept (0.425708ms)
✔ a party: codes in any case, requests, votes, the host's say, and the end (2.77575ms)
✔ one guest can't flood the list (0.85875ms)
✔ rate limit: so many a minute per key (0.088375ms)
✔ play next goes right after the current song; party requests line up behind each other (65.361958ms)
✔ nested folders and roll-ups stay live as tracks are added (26.088541ms)
✔ interleave alternates children of the source folder (4.644125ms)
✔ shuffle retains every entry, including duplicates (2.388792ms)
✔ rejects recursive roll-ups and preserves the prior state (1.004542ms)
✔ persists edits and protects referenced nodes from deletion (1.915833ms)
✔ smart playlists store the plan, resolve live, and reject invalid plans (2.179542ms)
✔ epoch hides apply without a playlistId; persistent removes still require one (21.371709ms)
✔ hidden split (C2 F4): persistent removes are 'Removed by you'; epoch hides are session counts only (1.6965ms)
✔ legacy view unchanged: silent on skips, hides only the removed playlist (1.511125ms)
✔ the epoch boost cannot break a hard rule (mirrors the v1 guarantee) (1.018208ms)
✔ flagship prompt drafts a valid plan with every exclusion protected (9.935708ms)
✔ sequencing arcs are accepted (no longer dropped as unsupported) and change the hash (0.615375ms)
✔ negations never reach the encoder-bound text (0.687333ms)
✔ flagship evaluation obeys every exclusion and keeps near misses separate (1.363083ms)
✔ the similarity channel cannot smuggle a track past a hard guard (0.696583ms)
✔ unknown never quietly passes an explicit exclusion (0.085458ms)
✔ relaxation never crosses a protected rule; permitted widening is recorded (0.446ms)
✔ zero and two results are reported honestly, without padding (0.211791ms)
✔ a missing genre tag is not evidence of absence (0.337625ms)
✔ unsupported fields become structured asks, and hard ones are flagged unenforced (0.2695ms)
✔ aliases round-trip to canonical fields and the same hash (0.17775ms)
✔ the hash ignores key order but not meaning (0.133583ms)
✔ malformed plans fail with paths (0.134209ms)
✔ timing predicates require an eligible beat status — null is never zero (0.383541ms)
✔ diversity caps hold and are counted (0.187875ms)
✔ exemplar titles resolve against the library or are reported (0.487958ms)
✔ every produced registry field exists on the analyzer's AnalysisResult (0.664708ms)
✔ a saved plan picks up a newly analysed track from the library file (0.971709ms)
✔ every signal the analyzer exports is registered here (2.456333ms)
✔ the library reader accepts analyzer exports and refuses unknown formats (1.538833ms)
✔ a moved track keeps its ID: path lookups and old IDs resolve to it (0.594958ms)
✔ build ascends by measured intensity — re-orders only, never filters (1.694916ms)
✔ cooldown descends by measured intensity (0.177833ms)
✔ peak rises then relaxes (0.150333ms)
✔ wave alternates deterministically (high/low interleave) (0.103708ms)
✔ wave with odd counts (n = 1, 3, 5) is a full permutation with no undefined (0.24925ms)
✔ low coverage falls back to the ranked order with an honest note (0.093709ms)
✔ unknown-intensity tracks keep their position; measured tracks fill the rest (0.133208ms)
✔ flat (and absent) arcs are a no-op with no notes (0.150125ms)
✔ determinism: repeated calls are deep-equal and every arc keeps the exact membership (0.326167ms)
✔ stations: resolved URL, tidy tags; HLS and broken entries are left out (0.720292ms)
✔ your own network counts as private (5.224875ms)
✔ search asks the directory with SynAmp's filters and remembers stations for favourites (8.288709ms)
✔ an unknown station ID is looked up in the directory (0.662333ms)
✔ the relay passes audio through and follows redirects (14.652ms)
✔ the relay refuses stations that point into your own network, even after a redirect (4.986834ms)
✔ a web page instead of audio is refused (6.380375ms)
✔ deriveFeedback labels the view with the policy it ran under (0.412791ms)
✔ play → skip is recorded as an early skip, scoped to the session (40.415917ms)
✔ stop classification uses an absolute and a relative floor (0.071416ms)
✔ retries are idempotent for reports, queues and feedback (41.740459ms)
✔ interruptions, errors and seeks are never dislikes (66.424917ms)
✔ reports for a track that is no longer current are refused (22.124042ms)
✔ restart restores the session and keeps retries recognised (36.409625ms)
✔ a torn last line from a crash is skipped and the next write starts cleanly (10.702834ms)
✔ heard-through and replays count for that playlist (46.756125ms)
✔ remove hides a track from that playlist only, and restore brings it back (20.216167ms)
✔ feedback re-ranks but cannot break a hard rule (11.443167ms)
✔ negatives go global only when explicit or corroborated (10.347833ms)
✔ two early skips in one playlist become a small penalty there (67.78575ms)
✔ feedback decays: playlist signals fade faster than global ones (0.217375ms)
✔ stream links are signed, expire, and stay inside the library (23.799542ms)
✔ feedback recorded under a track's old ID still counts after it moves (0.11775ms)
✔ saved values win over the server file; clearing goes back to it; secrets never leave (18.212083ms)
✔ the listening policy starts at epoch-v1, switches to legacy-v1, and rejects anything else (2.1945ms)
✔ ticks and the NAS's tailnet name are kept; pasted addresses are cleaned up (8.024167ms)
✔ plays from other apps are grouped by app; only Subsonic plays count (0.164833ms)
✔ Navidrome's ping: up, answering oddly, or not there (9.181583ms)
✔ sign-in checks the password with Navidrome and keeps only a salted token (14.966125ms)
✔ sends each playlist with matched songs, counts the rest, and replaces on the next send (13.234791ms)
✔ never touches playlists it didn't make, and remakes one deleted by hand (19.637083ms)
✔ falls back to a quoted empty query and finds new playlists by name on older servers (6.04875ms)
✔ a password changed in Navidrome signs SynAmp out instead of retrying forever (5.129666ms)
✔ folder names become part of the playlist name (0.149833ms)
✔ ordinary calls and streams pass straight through (16.00875ms)
✔ an accepted scrobble is captured and mapped to the analyzer's track id (6.206875ms)
✔ a scrobble Navidrome rejects records nothing (103.6605ms)
✔ form-encoded POST scrobbles (OpenSubsonic) work, including several ids (5.798042ms)
✔ only real paths inside the library map to ids (0.09725ms)
✔ the same code gives the same fingerprint; Finder litter and installed packages don't count (28.080209ms)
✔ running vs the NAS copy: same, waiting for Build, or unknown (68.832542ms)
ℹ tests 218
ℹ suites 0
ℹ pass 216
ℹ fail 1
ℹ cancelled 0
ℹ skipped 1
ℹ todo 0
ℹ duration_ms 907.538667

✖ failing tests:

test at src/librarian/librarian.test.ts:149:1
✖ artist merge: whole folders, everything follows, the variant folder disappears (7.1315ms)
  AssertionError [ERR_ASSERTION]: Expected values to be strictly deep-equal:
  + actual - expected
  
    [
  +   'Ani Difranco/Dilate/01 Untouchable Face.mp3',
  +   'Ani Difranco/Dilate/folder.jpg',
  +   'Ani Difranco/Evolve/01 Promised Land.mp3',
  +   'Ani Difranco/notes.txt'
  -   'Ani DiFranco/Dilate/01 Untouchable Face.mp3',
  -   'Ani DiFranco/Dilate/folder.jpg',
  -   'Ani DiFranco/Evolve/01 Promised Land.mp3',
  -   'Ani DiFranco/notes.txt'
    ]
  
      at TestContext.<anonymous> (file:///Users/tapps/_dev/web-apps/SynAmp/apps/brain/src/librarian/librarian.test.ts:162:12)
      at Test.runInAsyncScope (node:async_hooks:214:14)
      at Test.run (node:internal/test_runner/test:1106:25)
      at Test.processPendingSubtests (node:internal/test_runner/test:788:18)
      at Test.postRun (node:internal/test_runner/test:1235:19)
      at Test.run (node:internal/test_runner/test:1163:12)
      at async Test.processPendingSubtests (node:internal/test_runner/test:788:7) {
    generatedMessage: true,
    code: 'ERR_ASSERTION',
    actual: [ 'Ani Difranco/Dilate/01 Untouchable Face.mp3', 'Ani Difranco/Dilate/folder.jpg', 'Ani Difranco/Evolve/01 Promised Land.mp3', 'Ani Difranco/notes.txt' ],
    expected: [ 'Ani DiFranco/Dilate/01 Untouchable Face.mp3', 'Ani DiFranco/Dilate/folder.jpg', 'Ani DiFranco/Evolve/01 Promised Land.mp3', 'Ani DiFranco/notes.txt' ],
    operator: 'deepStrictEqual',
    diff: 'simple'
  }
/Users/tapps/_dev/web-apps/SynAmp/apps/brain:
 ERR_PNPM_RECURSIVE_RUN_FIRST_FAIL  @synamp/brain@0.0.0 test: `node --experimental-strip-types --test src/*.test.ts src/*/*.test.ts`
Exit status 1
