
> @synamp/brain@0.0.0 test /Users/tapps/_dev/web-apps/SynAmp/apps/brain
> node --experimental-strip-types --test src/*.test.ts src/*/*.test.ts

✔ brain routes preserve playlist context, reading notes, policy rollback and proposal log honesty (430.161625ms)
✔ unrecognised numbers remain visible rather than making a request look specific (38.853334ms)
✔ reading notes follow the goals actually applied to each reading (2.733667ms)
✔ flagship focus prompt — specific, one valid reading carrying the research bundle (1.231959ms)
✔ each user example phrase fires its goal with a valid reading (4.053166ms)
✔ vague request — no readings, asks carry the next step (nothing fabricated) (0.393709ms)
✔ surface verbs stay glue: “play me something good” stays vague (0.721334ms)
✔ contradictory “fast relaxing bangers” — the documented pair yields two readings (1.132416ms)
✔ impossible / hyper-specific asks stay honest (0.698125ms)
✔ determinism: identical inputs produce deep-equal interpretations (3.0145ms)
✔ user exclusions survive supersession and stay hard (0.491667ms)
✔ lexicon: nine goals, soft-only bundles ≤ 1.0 emitted total (≤ 0.5 per term), refs everywhere (0.201834ms)
✔ opposing goals yield two readings; the dropped side's draft proxies are set aside (1.613458ms)
✔ blend: calm + sleep merge into one reading with a cooldown arc (1.103209ms)
✔ drive keeps its medium feel: the draft “energetic” arousal proxy is superseded, never kept twice (1.013208ms)
✔ genre context guard: “the house” is a room, “house music” is a genre (1.95875ms)
✔ “workout then sleep” builds the first phase only and asks about the second (2.325667ms)
✔ catharsis covers angry language too (A1 §2.1 C): angry/anger/furious/rage (3.987375ms)
✔ copy corrections (C3 F-COPY-1): softened claims, no broken year example, no “lift me” promise (0.179584ms)
✔ lexicon regressions: drive supersedes the energy proxy; angry words are catharsis triggers (0.047125ms)
✔ request signing follows the Last.fm recipe (0.562709ms)
✔ Last.fm's play rule: over 30 s, and half the track or 4 minutes (0.066334ms)
✔ connecting needs the one-time state; then only plays while on are sent (25.5915ms)
✔ folder-guessed names are held back, never sent; short and partial plays don't count (10.738458ms)
✔ plays captured from other apps use the library core's names (2.680375ms)
✔ more than 50 plays go in batches of 50, oldest first (9.587709ms)
✔ outages back off and keep the plays; a bad session pauses until reconnect (5.260458ms)
✔ refusals are recorded once and never retried (2.351041ms)
✔ off means off, and disconnect forgets the session (1.676042ms)
✔ isolation: implicit events from another day never change a derived value (byte compare, both directions) (20.3685ms)
✔ resume within 30 min keeps this session's evidence; a 30:01 gap starts fresh (5.835708ms)
✔ midnight boundary kills the previous day's evidence (P2) (0.289208ms)
✔ half-life: this session's weight at +60 min is ≤ 0.25× a fresh one (P3) (0.42625ms)
✔ hide rules: one skip never hides; the 2nd hides; not_now hides; all die with the epoch (4.7555ms)
✔ remove/restore keep their v1 semantics: last write wins per playlist (0.941959ms)
✔ bounds: a flood of loves or skips stays under the saturated |bonus| bound (P5) (3.275417ms)
✔ determinism: identical inputs derive byte-identical views, insertion order included (0.397833ms)
✔ explicit-only parity: love/thumb/remove streams derive the same value and parts as deriveFeedback (1.077917ms)
✔ scope_persistence: declared keeps playlist thumbs across epochs; global_only makes them die with the epoch (P25) (0.629416ms)
✔ learning_reset bounds the epoch evidence and clears epoch hides (0.39575ms)
✔ odd inputs: empty stream, a single event, unknown signals, a torn timestamp — no throws, honest defaults (0.352917ms)
✔ reliability notes: down-weighted tempo is reported, never silently zero (0.348333ms)
✔ centroids: the kept band pulls near candidates up; a far candidate stays put; parts stay ≤ 0.5 (P19/P20) (0.361667ms)
✔ artist propagation: a single event moves nothing; corroborated artist events move neighbours (P17, capped) (0.242084ms)
✔ a single event forms one epoch with a stable id, daypart and date (34.352125ms)
✔ resume within 30 min keeps the epoch; 30:01 splits; exactly 30:00 keeps (P1) (4.363166ms)
✔ midnight splits the epoch even inside the idle gap (P2) (0.181125ms)
✔ a session-id change splits; a missing session_id is its own bucket, never merged (0.36275ms)
✔ dayparts at the boundaries, America/Chicago (decision 2) (0.619541ms)
✔ the epoch's daypart and date come from its START, not its end (0.124041ms)
✔ insertion order does not matter; ties break on id (determinism) (0.272792ms)
✔ activeEpoch: the last epoch within the live window (inclusive), else null (P4) (0.155333ms)
✔ an epoch that starts after `now` is never active (future events stay out) (0.122958ms)
✔ exploration defaults to OFF and is deterministic when asked (0.529625ms)
✔ exploration OFF path is byte-identical to no-budget (proved on a derived view) (46.41575ms)
✔ accepting a negative proposal lowers preference without creating an exclusion (18.130875ms)
✔ boundary: 2 epochs → no proposal; 3 epochs across 2 dates → exactly one (P21) (0.716375ms)
✔ scan window: evidence older than 30 days proposes nothing (P23) (3.588542ms)
✔ not_now pattern needs 3 epochs, 2 dates AND 2 dayparts (P21) (0.372ms)
✔ positive thresholds: repeats need 4 epochs AND 3 dates; other apps need 5 and 3 (P22) (0.538625ms)
✔ artist pattern: ≥ 2 different hidden tracks by one artist across 3 epochs / 2 dates propose (0.304166ms)
✔ proposal ids are stable across derivations and scan order, and proposals stay sorted (0.281416ms)
✔ the centroid axis list is the frozen A3 subset (0.567708ms)
✔ bpm uses tempo_confidence: full weight at ≥ 0.5, damped below, unusable at ≤ 0.2 or missing (0.162125ms)
✔ other produced axes are usable at weight 1.0; missing values are unusable, never zero (0.064208ms)
✔ declared fields have no producer and are refused honestly (0.053334ms)
✔ apply: renames, artwork follows, empty folders tidied, every move journaled (18.48875ms)
✔ apply: refuses before touching anything when a file vanished or a target exists (6.164917ms)
✔ apply: a failure half-way puts back what was already moved (9.2ms)
✔ paths that could leave the library are refused; the library root is never removed (2.342ms)
✖ artist merge: whole folders, everything follows, the variant folder disappears (19.854375ms)
✔ the librarian loop: claims a job from the brain, does it, reports — and resends a lost report (16.399ms)
✔ import: files from incoming/ are filed, artwork follows, identical copies set aside, undo puts them back (9.425625ms)
﹣ import across disks: copied, checksum-verified, then the original removed (0.055125ms) # SKIP
✔ duplicates: the worse copy is set aside first, the better one takes its place; names never clash; undo puts both back (7.5765ms)
✔ duplicates: a place is only free when an earlier move in the same decision empties it (1.843375ms)
✔ buttons queue commands; the worker takes one at a time and reports back (23.06425ms)
✔ an interrupted command is marked as such; the librarian's batches trigger an update unless switched off (2.258875ms)
✔ while analysis waits for a library list update, the web app sees how far along it is (0.950292ms)
✔ fold drops accents, case and punctuation (0.523ms)
✔ albums sort by artist (ignoring 'The'), then year; title and year sorts work (20.1815ms)
✔ album search matches every word across title, artist and year, accents ignored (0.338458ms)
✔ album paging and summary (0.167959ms)
✔ an album's tracks come back in play order; disc folders fold into the album (0.708417ms)
✔ track search ranks title matches first and needs every word (0.5075ms)
✔ shuffled keeps every item and leaves the input alone (0.387458ms)
✔ who you love: kept, played and loved; compilations aren't artists; top artists followed unless you unfollow (3.099709ms)
✔ which artist: from matched albums without a search; a clear search hit; namesakes go to you (11.153708ms)
✔ the gaps: owned by release group or title, types and live albums filtered, new and upcoming flagged, ignore hides (9.767875ms)
✔ the checker works through followed artists, skips ones waiting for you, and re-checks monthly (3.335458ms)
✔ listen/buy links are plain searches with the names encoded (0.49075ms)
✔ sketches: same recording is close, a different one is far, small shifts are found (1.128958ms)
✔ same recording: identical audio, or matching sketch and length — otherwise not certain (0.970459ms)
✔ better copy: lossless, then resolution, then bitrate, then tags; a tie keeps the copy already there (0.418917ms)
✔ plan: a merge blocked by the same recording keeps the better copy and sets the other aside (39.988667ms)
✔ plan: two copies of one recording in one album folder — the better keeps the name, no “(2)” (2.009917ms)
✔ store: a keep choice is saved, checked and can be forgotten (3.487167ms)
✔ progress reports are type-checked and trimmed to what the UI uses (1.520291ms)
✔ the latest report survives a restart, and silence while analysing shows as stale (7.243375ms)
✔ library stats count names, identity and duplicate copies (0.214583ms)
✔ tags: ID3v2.3 / 2.4 (Latin-1, UTF-8, UTF-16), ID3v1, FLAC, M4A — and junk never throws (18.856459ms)
✔ incoming scan: waits for files still arriving, skips set-asides and dotfiles, caches tags (14.031583ms)
✔ new music: named to the standard, filed beside what's there, gaps filled (36.032833ms)
✔ new music: identical copies are set aside (never deleted); other versions kept as (2) (4.757875ms)
✔ new music: one album uploaded as loose files still takes its artwork along (0.234042ms)
✔ album folders: disc folders fold in, loose files are ignored, names come from tags or folders (6.878708ms)
✔ titles compare loosely: remaster suffixes, accents, punctuation, ampersands (0.359292ms)
✔ a folder with one track left lists the other nine as missing (26.78925ms)
✔ number and length can match a track whose title differs (0.179458ms)
✔ the client is polite: contact required, one request per ~second, Lucene escaping (22.667917ms)
✔ a MusicBrainz ID in the tags is used directly: one request, no search (0.325416ms)
✔ search picks the edition that explains the files, and keeps the others as alternatives (0.391791ms)
✔ nothing confident goes to review; nothing found is no_match (10.985125ms)
✔ the list clears itself when a re-ripped track arrives, and keeps your notes (2.424958ms)
✔ you can choose another edition, or say the album isn't on MusicBrainz (2.838292ms)
✔ the matcher works through folders, re-opens uncertain ones when they change, and backs off when MusicBrainz is busy (7.978334ms)
✔ CSV quotes commas, quotes and newlines (0.235125ms)
✔ naming: safe on macOS and the NAS, the standard track and album forms (8.215584ms)
✔ plan: album folders get the year, tracks get numbers, from tags or MusicBrainz (19.804417ms)
✔ plan: disc folders fold in with 1-01 numbering; copies get (2); compilations go to Various Artists (0.799708ms)
✔ plan: a folder name that's taken gets the edition, or is flagged — never overwritten (0.266917ms)
✔ plan: artist spellings merge into the MusicBrainz / tagged spelling (0.642167ms)
✔ reviews, batches and the librarian's reports (7.95075ms)
✔ overlay: moved tracks follow their files until the next export; matches are carried (2.545958ms)
✔ batches with new music: imports go first, undo swaps the areas back, the overlay ignores arrivals (2.363334ms)
✔ live progress from the librarian: shown while running, keeps a slow big batch from being handed out again (14.373458ms)
✔ paths from any OS and file:// URLs become forward-slash paths (0.487959ms)
✔ M3U: EXTINF gives length, artist and title; comments and streams are skipped (0.46575ms)
✔ songs are found by path end, then artist + title (choosing the album copy), then title + album (0.73675ms)
✔ the album breaks a tie between copies of the same song (0.110541ms)
✔ plist reader handles dicts, arrays, entities, empty and boolean tags (0.266959ms)
✔ iTunes library XML: your playlists and folders, not the built-in lists (0.329292ms)
✔ the format is worked out from the file (0.319125ms)
✔ tapping along: close enough counts, octave errors are recognised (0.344417ms)
✔ answers count towards accuracy, correct the track, and give way to a new measurement (2.408125ms)
✔ codes are 6 easy-to-read characters (0.525083ms)
✔ guest IDs are checked and only a hash is kept (0.446666ms)
✔ a party: codes in any case, requests, votes, the host's say, and the end (2.241375ms)
✔ one guest can't flood the list (0.983958ms)
✔ rate limit: so many a minute per key (0.087958ms)
✔ play next goes right after the current song; party requests line up behind each other (84.306042ms)
✔ nested folders and roll-ups stay live as tracks are added (12.605292ms)
✔ interleave alternates children of the source folder (7.264458ms)
✔ shuffle retains every entry, including duplicates (13.195833ms)
✔ rejects recursive roll-ups and preserves the prior state (0.964459ms)
✔ persists edits and protects referenced nodes from deletion (1.637709ms)
✔ smart playlists store the plan, resolve live, and reject invalid plans (4.690125ms)
✔ epoch hides apply without a playlistId; persistent removes still require one (78.397083ms)
✔ hidden split (C2 F4): persistent removes are 'Removed by you'; epoch hides are session counts only (2.221125ms)
✔ legacy view unchanged: silent on skips, hides only the removed playlist (1.032709ms)
✔ the epoch boost cannot break a hard rule (mirrors the v1 guarantee) (0.575917ms)
✔ flagship prompt drafts a valid plan with every exclusion protected (46.935958ms)
✔ sequencing arcs are accepted (no longer dropped as unsupported) and change the hash (0.595541ms)
✔ negations never reach the encoder-bound text (0.683875ms)
✔ flagship evaluation obeys every exclusion and keeps near misses separate (1.373ms)
✔ the similarity channel cannot smuggle a track past a hard guard (7.5675ms)
✔ unknown never quietly passes an explicit exclusion (0.127292ms)
✔ relaxation never crosses a protected rule; permitted widening is recorded (0.515959ms)
✔ zero and two results are reported honestly, without padding (8.735709ms)
✔ a missing genre tag is not evidence of absence (3.194958ms)
✔ unsupported fields become structured asks, and hard ones are flagged unenforced (0.545916ms)
✔ aliases round-trip to canonical fields and the same hash (0.550583ms)
✔ the hash ignores key order but not meaning (0.494833ms)
✔ malformed plans fail with paths (0.326875ms)
✔ timing predicates require an eligible beat status — null is never zero (0.197ms)
✔ diversity caps hold and are counted (0.145417ms)
✔ exemplar titles resolve against the library or are reported (0.333667ms)
✔ every produced registry field exists on the analyzer's AnalysisResult (0.308584ms)
✔ a saved plan picks up a newly analysed track from the library file (1.28125ms)
✔ every signal the analyzer exports is registered here (0.273291ms)
✔ the library reader accepts analyzer exports and refuses unknown formats (1.798542ms)
✔ a moved track keeps its ID: path lookups and old IDs resolve to it (0.615584ms)
✔ build ascends by measured intensity — re-orders only, never filters (1.616083ms)
✔ cooldown descends by measured intensity (0.1645ms)
✔ peak rises then relaxes (0.155666ms)
✔ wave alternates deterministically (high/low interleave) (0.107416ms)
✔ wave with odd counts (n = 1, 3, 5) is a full permutation with no undefined (0.254959ms)
✔ low coverage falls back to the ranked order with an honest note (0.103292ms)
✔ unknown-intensity tracks keep their position; measured tracks fill the rest (0.128458ms)
✔ flat (and absent) arcs are a no-op with no notes (13.922542ms)
✔ determinism: repeated calls are deep-equal and every arc keeps the exact membership (0.411417ms)
✔ stations: resolved URL, tidy tags; HLS and broken entries are left out (0.698708ms)
✔ your own network counts as private (3.809166ms)
✔ search asks the directory with SynAmp's filters and remembers stations for favourites (2.778791ms)
✔ an unknown station ID is looked up in the directory (15.355458ms)
✔ the relay passes audio through and follows redirects (16.983625ms)
✔ the relay refuses stations that point into your own network, even after a redirect (5.538541ms)
✔ a web page instead of audio is refused (2.121875ms)
✔ deriveFeedback labels the view with the policy it ran under (1.448167ms)
✔ play → skip is recorded as an early skip, scoped to the session (37.15725ms)
✔ stop classification uses an absolute and a relative floor (0.076875ms)
✔ retries are idempotent for reports, queues and feedback (51.882875ms)
✔ interruptions, errors and seeks are never dislikes (65.994584ms)
✔ reports for a track that is no longer current are refused (20.927ms)
✔ restart restores the session and keeps retries recognised (39.606416ms)
✔ a torn last line from a crash is skipped and the next write starts cleanly (10.5645ms)
✔ heard-through and replays count for that playlist (42.743833ms)
✔ remove hides a track from that playlist only, and restore brings it back (18.1835ms)
✔ feedback re-ranks but cannot break a hard rule (10.731709ms)
✔ negatives go global only when explicit or corroborated (9.886792ms)
✔ two early skips in one playlist become a small penalty there (65.606625ms)
✔ feedback decays: playlist signals fade faster than global ones (0.174542ms)
✔ stream links are signed, expire, and stay inside the library (19.828083ms)
✔ feedback recorded under a track's old ID still counts after it moves (0.107958ms)
✔ saved values win over the server file; clearing goes back to it; secrets never leave (3.069917ms)
✔ the listening policy starts at epoch-v1, switches to legacy-v1, and rejects anything else (2.161916ms)
✔ ticks and the NAS's tailnet name are kept; pasted addresses are cleaned up (14.251ms)
✔ plays from other apps are grouped by app; only Subsonic plays count (0.473334ms)
✔ Navidrome's ping: up, answering oddly, or not there (8.413083ms)
✔ sign-in checks the password with Navidrome and keeps only a salted token (10.805167ms)
✔ sends each playlist with matched songs, counts the rest, and replaces on the next send (15.303ms)
✔ never touches playlists it didn't make, and remakes one deleted by hand (14.879334ms)
✔ falls back to a quoted empty query and finds new playlists by name on older servers (7.812208ms)
✔ a password changed in Navidrome signs SynAmp out instead of retrying forever (14.48125ms)
✔ folder names become part of the playlist name (0.127042ms)
✔ ordinary calls and streams pass straight through (17.238959ms)
✔ an accepted scrobble is captured and mapped to the analyzer's track id (6.790667ms)
✔ a scrobble Navidrome rejects records nothing (103.264375ms)
✔ form-encoded POST scrobbles (OpenSubsonic) work, including several ids (5.897708ms)
✔ only real paths inside the library map to ids (0.094791ms)
✔ the same code gives the same fingerprint; Finder litter and installed packages don't count (26.982ms)
✔ running vs the NAS copy: same, waiting for Build, or unknown (86.838ms)
ℹ tests 222
ℹ suites 0
ℹ pass 220
ℹ fail 1
ℹ cancelled 0
ℹ skipped 1
ℹ todo 0
ℹ duration_ms 842.350375

✖ failing tests:

test at src/librarian/librarian.test.ts:149:1
✖ artist merge: whole folders, everything follows, the variant folder disappears (19.854375ms)
  AssertionError [ERR_ASSERTION]: Expected values to be strictly deep-equal:
  + actual - expected
  
    [
  +   'Ani Difranco/Dilate/01 Untouchable Face.mp3',
  +   'Ani Difranco/Dilate/folder.jpg',
  +   'Ani Difranco/Evolve/01 Promised Land.mp3',
  +   'Ani Difranco/notes.txt'
  -   'Ani DiFranco/Dilate/01 Untouchable Face.mp3',
  -   'Ani DiFranco/Dilate/folder.jpg',
  -   'Ani DiFranco/Evolve/01 Promised Land.mp3',
  -   'Ani DiFranco/notes.txt'
    ]
  
      at TestContext.<anonymous> (file:///Users/tapps/_dev/web-apps/SynAmp/apps/brain/src/librarian/librarian.test.ts:162:12)
      at Test.runInAsyncScope (node:async_hooks:214:14)
      at Test.run (node:internal/test_runner/test:1106:25)
      at Test.processPendingSubtests (node:internal/test_runner/test:788:18)
      at Test.postRun (node:internal/test_runner/test:1235:19)
      at Test.run (node:internal/test_runner/test:1163:12)
      at async Test.processPendingSubtests (node:internal/test_runner/test:788:7) {
    generatedMessage: true,
    code: 'ERR_ASSERTION',
    actual: [ 'Ani Difranco/Dilate/01 Untouchable Face.mp3', 'Ani Difranco/Dilate/folder.jpg', 'Ani Difranco/Evolve/01 Promised Land.mp3', 'Ani Difranco/notes.txt' ],
    expected: [ 'Ani DiFranco/Dilate/01 Untouchable Face.mp3', 'Ani DiFranco/Dilate/folder.jpg', 'Ani DiFranco/Evolve/01 Promised Land.mp3', 'Ani DiFranco/notes.txt' ],
    operator: 'deepStrictEqual',
    diff: 'simple'
  }
/Users/tapps/_dev/web-apps/SynAmp/apps/brain:
 ERR_PNPM_RECURSIVE_RUN_FIRST_FAIL  @synamp/brain@0.0.0 test: `node --experimental-strip-types --test src/*.test.ts src/*/*.test.ts`
Exit status 1
